// Jest Snapshot v1, https://goo.gl/fbAQLP

exports[`All Networks matches snapshot 1`] = `
.emotion-0 {
  padding: 64px 0px;
}

@media (max-width:767.95px) {
  .emotion-0 {
    padding: 24px 0px;
  }
}

.emotion-0 .allnetworks__search {
  display: -webkit-box;
  display: -webkit-flex;
  display: -ms-flexbox;
  display: flex;
  -webkit-box-flex-flow: row wrap;
  -webkit-flex-flow: row wrap;
  -ms-flex-flow: row wrap;
  flex-flow: row wrap;
  -webkit-box-pack: justify;
  -webkit-justify-content: space-between;
  justify-content: space-between;
  -webkit-align-items: center;
  -webkit-box-align: center;
  -ms-flex-align: center;
  align-items: center;
  padding: 0px 0px 16px 0px;
}

@media (min-width:768px) {
  .emotion-0 .allnetworks__search {
    padding: 0px 0px 16px 0px;
  }
}

.emotion-0 .allnetworks__search .MuiTypography-h2 {
  display: inline-block;
  margin-bottom: 32px;
  text-align: center;
  width: 100%;
}

@media (min-width:768px) {
  .emotion-0 .allnetworks__search .MuiTypography-h2 {
    width: auto;
    display: block;
  }
}

.emotion-0 .allnetworks__search>.allnetworks__header {
  width: 100%;
  padding: 0px 0px 16px 0px;
}

@media (min-width:768px) {
  .emotion-0 .allnetworks__search>.allnetworks__header {
    width: auto;
    -webkit-order: 1;
    -ms-flex-order: 1;
    order: 1;
  }
}

.emotion-0 .allnetworks__search .MuiTypography-body1 {
  padding: 0px 0px 16px 0px;
  font-weight: 400;
  text-align: left;
}

@media (max-width:767.95px) {
  .emotion-0 .allnetworks__search .MuiTypography-body1 {
    text-align: center;
    font-size: 0.875rem;
  }
}

.emotion-0 .allnetworks__search .allnetworks__tabs {
  margin-top: 24px;
  padding: 0;
}

.emotion-0 .allnetworks__search .allnetworks__tabs .allnetworks__tab {
  display: inline-block;
  color: #fff;
  font-weight: 600;
  padding: 8px 16px;
}

@media (max-width:767.95px) {
  .emotion-0 .allnetworks__search .allnetworks__tabs .allnetworks__tab {
    padding: 8px;
    font-size: 0.875rem;
  }
}

.emotion-0 .allnetworks__search .allnetworks__tabs .allnetworks__tab:hover {
  color: #afafaf;
}

.emotion-0 .allnetworks__search .allnetworks__tabs .allnetworks__tab.allnetworks__active {
  color: #F6504B;
  border-bottom: 2px solid #F6504B;
}

.emotion-0 .allnetworks__networks {
  padding: 24px 0px 160px 0px;
  display: grid;
  grid-template-columns: repeat(auto-fit, minmax(240px, 1fr));
  -webkit-box-pack: justify;
  -webkit-justify-content: space-between;
  justify-content: space-between;
  grid-gap: 16px;
}

@media (min-width:768px) {
  .emotion-0 .allnetworks__networks {
    padding: 0px 0px 160px 0px;
    grid-gap: 40px;
    grid-template-columns: repeat(3, minmax(256px, 1fr));
  }
}

.emotion-0 .allnetworks__empty {
  background-color: #fff;
  padding: 2rem;
  border-radius: 1rem;
  color: #000;
}

.emotion-1 {
  margin-left: auto;
  margin-right: auto;
  max-width: 1024px;
}

.emotion-3 {
  margin: 0;
  font-size: 2rem;
  font-weight: 600;
  font-family: 'SF Pro Text',-apple-system,BlinkMacSystemFont,sans-serif;
  line-height: 1.2;
}

.emotion-5 {
  margin: 0;
  font-size: 1rem;
  white-space: pre-wrap;
  font-family: 'SF Pro Text',-apple-system,BlinkMacSystemFont,sans-serif;
  font-weight: 400;
  line-height: 1.5;
}

@media (max-width:767.95px) {
  .emotion-7 {
    width: 100%;
  }
}

@media (max-width:767.95px) {
  .emotion-7.emotion-7.searchbox__focused {
    position: fixed!important;
    top: 0;
    left: 0;
    right: 0;
    z-index: 10;
    height: 64px;
    display: -webkit-box;
    display: -webkit-flex;
    display: -ms-flexbox;
    display: flex;
    gap: 16px;
    -webkit-align-items: center;
    -webkit-box-align: center;
    -ms-flex-align: center;
    align-items: center;
    padding: 0px 16px 0px 32px;
    background-color: rgba(29, 30, 34, 0.32);
    -webkit-backdrop-filter: blur(16px);
    backdrop-filter: blur(16px);
  }

  .emotion-7.emotion-7.searchbox__focused .searchbox__cancel-btn {
    display: -webkit-inline-box;
    display: -webkit-inline-flex;
    display: -ms-inline-flexbox;
    display: inline-flex;
  }
}

.emotion-7 .MuiAutocomplete-inputRoot {
  background-color: rgba(255, 255, 255, 0.2);
}

.emotion-7.emotion-7 .searchbox__cancel-btn {
  color: #FFFFFF;
  display: none;
}

.emotion-7 .MuiAutocomplete-root {
  width: 100%;
}

@media (min-width:768px) {
  .emotion-7 .MuiAutocomplete-root {
    width: 291px;
    min-width: 291px;
    height: 38px;
  }
}

.emotion-7 .MuiAutocomplete-root .MuiInputBase-root {
  border: 1px solid #FFFFFF!important;
  border-radius: 16px;
  padding: 4px 18px 4px 18px!important;
}

.emotion-8.Mui-focused .MuiAutocomplete-clearIndicator {
  visibility: visible;
}

@media (pointer: fine) {
  .emotion-8:hover .MuiAutocomplete-clearIndicator {
    visibility: visible;
  }
}

.emotion-8 .MuiAutocomplete-tag {
  margin: 3px;
  max-width: calc(100% - 6px);
}

.emotion-8 .MuiAutocomplete-inputRoot {
  -webkit-box-flex-wrap: wrap;
  -webkit-flex-wrap: wrap;
  -ms-flex-wrap: wrap;
  flex-wrap: wrap;
}

.MuiAutocomplete-hasPopupIcon.emotion-8 .MuiAutocomplete-inputRoot,
.MuiAutocomplete-hasClearIcon.emotion-8 .MuiAutocomplete-inputRoot {
  padding-right: 30px;
}

.MuiAutocomplete-hasPopupIcon.MuiAutocomplete-hasClearIcon.emotion-8 .MuiAutocomplete-inputRoot {
  padding-right: 56px;
}

.emotion-8 .MuiAutocomplete-inputRoot .MuiAutocomplete-input {
  width: 0;
  min-width: 30px;
}

.emotion-8 .MuiInput-root {
  padding-bottom: 1px;
}

.emotion-8 .MuiInput-root .MuiInput-input {
  padding: 4px 4px 4px 0px;
}

.emotion-8 .MuiInput-root.MuiInputBase-sizeSmall .MuiInput-input {
  padding: 2px 4px 3px 0;
}

.emotion-8 .MuiOutlinedInput-root {
  padding: 9px;
}

.MuiAutocomplete-hasPopupIcon.emotion-8 .MuiOutlinedInput-root,
.MuiAutocomplete-hasClearIcon.emotion-8 .MuiOutlinedInput-root {
  padding-right: 39px;
}

.MuiAutocomplete-hasPopupIcon.MuiAutocomplete-hasClearIcon.emotion-8 .MuiOutlinedInput-root {
  padding-right: 65px;
}

.emotion-8 .MuiOutlinedInput-root .MuiAutocomplete-input {
  padding: 7.5px 4px 7.5px 6px;
}

.emotion-8 .MuiOutlinedInput-root .MuiAutocomplete-endAdornment {
  right: 9px;
}

.emotion-8 .MuiOutlinedInput-root.MuiInputBase-sizeSmall {
  padding: 6px;
}

.emotion-8 .MuiOutlinedInput-root.MuiInputBase-sizeSmall .MuiAutocomplete-input {
  padding: 2.5px 4px 2.5px 6px;
}

.emotion-8 .MuiFilledInput-root {
  padding-top: 19px;
  padding-left: 8px;
}

.MuiAutocomplete-hasPopupIcon.emotion-8 .MuiFilledInput-root,
.MuiAutocomplete-hasClearIcon.emotion-8 .MuiFilledInput-root {
  padding-right: 39px;
}

.MuiAutocomplete-hasPopupIcon.MuiAutocomplete-hasClearIcon.emotion-8 .MuiFilledInput-root {
  padding-right: 65px;
}

.emotion-8 .MuiFilledInput-root .MuiFilledInput-input {
  padding: 7px 4px;
}

.emotion-8 .MuiFilledInput-root .MuiAutocomplete-endAdornment {
  right: 9px;
}

.emotion-8 .MuiFilledInput-root.MuiInputBase-sizeSmall {
  padding-bottom: 1px;
}

.emotion-8 .MuiFilledInput-root.MuiInputBase-sizeSmall .MuiFilledInput-input {
  padding: 2.5px 4px;
}

.emotion-8 .MuiInputBase-hiddenLabel {
  padding-top: 8px;
}

.emotion-8 .MuiAutocomplete-input {
  -webkit-box-flex: 1;
  -webkit-flex-grow: 1;
  -ms-flex-positive: 1;
  flex-grow: 1;
  text-overflow: ellipsis;
  opacity: 1;
}

.emotion-9 {
  display: -webkit-inline-box;
  display: -webkit-inline-flex;
  display: -ms-inline-flexbox;
  display: inline-flex;
  -webkit-flex-direction: column;
  -ms-flex-direction: column;
  flex-direction: column;
  position: relative;
  min-width: 0;
  padding: 0;
  margin: 0;
  border: 0;
  vertical-align: top;
  width: 100%;
}

.emotion-9 .MuiOutlinedInput-notchedOutline {
  border: none;
}

.emotion-9 input::-webkit-input-placeholder {
  color: #fff;
  opacity: 1;
}

.emotion-9 input::-moz-placeholder {
  color: #fff;
  opacity: 1;
}

.emotion-9 input:-ms-input-placeholder {
  color: #fff;
  opacity: 1;
}

.emotion-9 input::placeholder {
  color: #fff;
  opacity: 1;
}

.emotion-10 {
  font-size: 1rem;
  white-space: pre-wrap;
  font-family: 'SF Pro Text',-apple-system,BlinkMacSystemFont,sans-serif;
  font-weight: 400;
  line-height: 1.4375em;
  color: #EFEFEF;
  box-sizing: border-box;
  position: relative;
  cursor: text;
  display: -webkit-inline-box;
  display: -webkit-inline-flex;
  display: -ms-inline-flexbox;
  display: inline-flex;
  -webkit-align-items: center;
  -webkit-box-align: center;
  -ms-flex-align: center;
  align-items: center;
  width: 100%;
  position: relative;
  border-radius: 4px;
  padding-left: 14px;
  padding-right: 14px;
}

.emotion-10.Mui-disabled {
  color: #FEF3F2;
  cursor: default;
}

.emotion-10:hover .MuiOutlinedInput-notchedOutline {
  border-color: #EFEFEF;
}

@media (hover: none) {
  .emotion-10:hover .MuiOutlinedInput-notchedOutline {
    border-color: rgba(0, 0, 0, 0.23);
  }
}

.emotion-10.Mui-focused .MuiOutlinedInput-notchedOutline {
  border-color: #0939B0;
  border-width: 2px;
}

.emotion-10.Mui-error .MuiOutlinedInput-notchedOutline {
  border-color: #f44336;
}

.emotion-10.Mui-disabled .MuiOutlinedInput-notchedOutline {
  border-color: rgba(255, 255, 255, 0.3);
}

.emotion-11 {
  display: -webkit-box;
  display: -webkit-flex;
  display: -ms-flexbox;
  display: flex;
  height: 0.01em;
  max-height: 2em;
  -webkit-align-items: center;
  -webkit-box-align: center;
  -ms-flex-align: center;
  align-items: center;
  white-space: nowrap;
  color: #fff;
  margin-right: 8px;
}

.emotion-12 {
  -webkit-user-select: none;
  -moz-user-select: none;
  -ms-user-select: none;
  user-select: none;
  width: 1em;
  height: 1em;
  display: inline-block;
  fill: currentColor;
  -webkit-flex-shrink: 0;
  -ms-flex-negative: 0;
  flex-shrink: 0;
  -webkit-transition: fill 200ms cubic-bezier(0.4, 0, 0.2, 1) 0ms;
  transition: fill 200ms cubic-bezier(0.4, 0, 0.2, 1) 0ms;
  font-size: 1.25rem;
}

.emotion-13 {
  font: inherit;
  letter-spacing: inherit;
  color: currentColor;
  padding: 4px 0 5px;
  border: 0;
  box-sizing: content-box;
  background: none;
  height: 1.4375em;
  margin: 0;
  -webkit-tap-highlight-color: transparent;
  display: block;
  min-width: 0;
  width: 100%;
  -webkit-animation-name: mui-auto-fill-cancel;
  animation-name: mui-auto-fill-cancel;
  -webkit-animation-duration: 10ms;
  animation-duration: 10ms;
  padding: 16.5px 14px;
  padding-left: 0;
  padding-right: 0;
}

.emotion-13::-webkit-input-placeholder {
  color: currentColor;
  opacity: 0.42;
  -webkit-transition: opacity 200ms cubic-bezier(0.4, 0, 0.2, 1) 0ms;
  transition: opacity 200ms cubic-bezier(0.4, 0, 0.2, 1) 0ms;
}

.emotion-13::-moz-placeholder {
  color: currentColor;
  opacity: 0.42;
  -webkit-transition: opacity 200ms cubic-bezier(0.4, 0, 0.2, 1) 0ms;
  transition: opacity 200ms cubic-bezier(0.4, 0, 0.2, 1) 0ms;
}

.emotion-13:-ms-input-placeholder {
  color: currentColor;
  opacity: 0.42;
  -webkit-transition: opacity 200ms cubic-bezier(0.4, 0, 0.2, 1) 0ms;
  transition: opacity 200ms cubic-bezier(0.4, 0, 0.2, 1) 0ms;
}

.emotion-13::-ms-input-placeholder {
  color: currentColor;
  opacity: 0.42;
  -webkit-transition: opacity 200ms cubic-bezier(0.4, 0, 0.2, 1) 0ms;
  transition: opacity 200ms cubic-bezier(0.4, 0, 0.2, 1) 0ms;
}

.emotion-13:focus {
  outline: 0;
}

.emotion-13:invalid {
  box-shadow: none;
}

.emotion-13::-webkit-search-decoration {
  -webkit-appearance: none;
}

label[data-shrink=false]+.MuiInputBase-formControl .emotion-13::-webkit-input-placeholder {
  opacity: 0!important;
}

label[data-shrink=false]+.MuiInputBase-formControl .emotion-13::-moz-placeholder {
  opacity: 0!important;
}

label[data-shrink=false]+.MuiInputBase-formControl .emotion-13:-ms-input-placeholder {
  opacity: 0!important;
}

label[data-shrink=false]+.MuiInputBase-formControl .emotion-13::-ms-input-placeholder {
  opacity: 0!important;
}

label[data-shrink=false]+.MuiInputBase-formControl .emotion-13:focus::-webkit-input-placeholder {
  opacity: 0.42;
}

label[data-shrink=false]+.MuiInputBase-formControl .emotion-13:focus::-moz-placeholder {
  opacity: 0.42;
}

label[data-shrink=false]+.MuiInputBase-formControl .emotion-13:focus:-ms-input-placeholder {
  opacity: 0.42;
}

label[data-shrink=false]+.MuiInputBase-formControl .emotion-13:focus::-ms-input-placeholder {
  opacity: 0.42;
}

.emotion-13.Mui-disabled {
  opacity: 1;
  -webkit-text-fill-color: #FEF3F2;
}

.emotion-13:-webkit-autofill {
  -webkit-animation-duration: 5000s;
  animation-duration: 5000s;
  -webkit-animation-name: mui-auto-fill;
  animation-name: mui-auto-fill;
}

.emotion-13:-webkit-autofill {
  border-radius: inherit;
}

.emotion-14 {
  position: absolute;
  right: 0;
  top: calc(50% - 14px);
}

.emotion-15 {
  display: -webkit-inline-box;
  display: -webkit-inline-flex;
  display: -ms-inline-flexbox;
  display: inline-flex;
  -webkit-align-items: center;
  -webkit-box-align: center;
  -ms-flex-align: center;
  align-items: center;
  -webkit-box-pack: center;
  -ms-flex-pack: center;
  -webkit-justify-content: center;
  justify-content: center;
  position: relative;
  box-sizing: border-box;
  -webkit-tap-highlight-color: transparent;
  background-color: transparent;
  outline: 0;
  border: 0;
  margin: 0;
  border-radius: 0;
  padding: 0;
  cursor: pointer;
  -webkit-user-select: none;
  -moz-user-select: none;
  -ms-user-select: none;
  user-select: none;
  vertical-align: middle;
  -moz-appearance: none;
  -webkit-appearance: none;
  -webkit-text-decoration: none;
  text-decoration: none;
  color: inherit;
  text-align: center;
  -webkit-flex: 0 0 auto;
  -ms-flex: 0 0 auto;
  flex: 0 0 auto;
  font-size: 1.5rem;
  padding: 8px;
  border-radius: 50%;
  overflow: visible;
  color: #fff;
  -webkit-transition: background-color 150ms cubic-bezier(0.4, 0, 0.2, 1) 0ms;
  transition: background-color 150ms cubic-bezier(0.4, 0, 0.2, 1) 0ms;
  padding: 2px;
  margin-right: -2px;
}

.emotion-15::-moz-focus-inner {
  border-style: none;
}

.emotion-15.Mui-disabled {
  pointer-events: none;
  cursor: default;
}

@media print {
  .emotion-15 {
    -webkit-print-color-adjust: exact;
    color-adjust: exact;
  }
}

.emotion-15:hover {
  background-color: rgba(255, 255, 255, 0.5);
}

@media (hover: none) {
  .emotion-15:hover {
    background-color: transparent;
  }
}

.emotion-15.Mui-disabled {
  background-color: transparent;
  color: rgba(255, 255, 255, 0.3);
}

.emotion-16 {
  overflow: hidden;
  pointer-events: none;
  position: absolute;
  z-index: 0;
  top: 0;
  right: 0;
  bottom: 0;
  left: 0;
  border-radius: inherit;
}

.emotion-17 {
  text-align: left;
  position: absolute;
  bottom: 0;
  right: 0;
  top: -5px;
  left: 0;
  margin: 0;
  padding: 0 8px;
  pointer-events: none;
  border-radius: inherit;
  border-style: solid;
  border-width: 1px;
  overflow: hidden;
  min-width: 0%;
  border-color: rgba(0, 0, 0, 0.23);
}

.emotion-18 {
  float: unset;
  overflow: hidden;
  padding: 0;
  line-height: 11px;
  -webkit-transition: width 150ms cubic-bezier(0.0, 0, 0.2, 1) 0ms;
  transition: width 150ms cubic-bezier(0.0, 0, 0.2, 1) 0ms;
}

.emotion-19 {
  display: -webkit-inline-box;
  display: -webkit-inline-flex;
  display: -ms-inline-flexbox;
  display: inline-flex;
  -webkit-align-items: center;
  -webkit-box-align: center;
  -ms-flex-align: center;
  align-items: center;
  -webkit-box-pack: center;
  -ms-flex-pack: center;
  -webkit-justify-content: center;
  justify-content: center;
  position: relative;
  box-sizing: border-box;
  -webkit-tap-highlight-color: transparent;
  background-color: transparent;
  outline: 0;
  border: 0;
  margin: 0;
  border-radius: 0;
  padding: 0;
  cursor: pointer;
  -webkit-user-select: none;
  -moz-user-select: none;
  -ms-user-select: none;
  user-select: none;
  vertical-align: middle;
  -moz-appearance: none;
  -webkit-appearance: none;
  -webkit-text-decoration: none;
  text-decoration: none;
  color: inherit;
  font-style: normal;
  font-weight: 600;
  font-size: 0.875rem;
  line-height: 1.214;
  font-family: 'SF Pro Text',-apple-system,BlinkMacSystemFont,sans-serif;
  text-transform: uppercase;
  min-width: 64px;
  padding: 6px 8px;
  border-radius: 4px;
  -webkit-transition: background-color 250ms cubic-bezier(0.4, 0, 0.2, 1) 0ms,box-shadow 250ms cubic-bezier(0.4, 0, 0.2, 1) 0ms,border-color 250ms cubic-bezier(0.4, 0, 0.2, 1) 0ms,color 250ms cubic-bezier(0.4, 0, 0.2, 1) 0ms;
  transition: background-color 250ms cubic-bezier(0.4, 0, 0.2, 1) 0ms,box-shadow 250ms cubic-bezier(0.4, 0, 0.2, 1) 0ms,border-color 250ms cubic-bezier(0.4, 0, 0.2, 1) 0ms,color 250ms cubic-bezier(0.4, 0, 0.2, 1) 0ms;
  color: #0939B0;
  text-transform: none;
}

.emotion-19::-moz-focus-inner {
  border-style: none;
}

.emotion-19.Mui-disabled {
  pointer-events: none;
  cursor: default;
}

@media print {
  .emotion-19 {
    -webkit-print-color-adjust: exact;
    color-adjust: exact;
  }
}

.emotion-19:hover {
  -webkit-text-decoration: none;
  text-decoration: none;
  background-color: rgba(9, 57, 176, 0.5);
}

@media (hover: none) {
  .emotion-19:hover {
    background-color: transparent;
  }
}

.emotion-19.Mui-disabled {
  color: rgba(255, 255, 255, 0.3);
}

.emotion-22 {
  min-width: 240px;
  min-height: 80px;
  border-radius: 12px;
  background-color: rgba(255, 255, 255, 0.6);
  border: 2px solid #EFEFEF;
  display: -webkit-inline-box;
  display: -webkit-inline-flex;
  display: -ms-inline-flexbox;
  display: inline-flex;
  -webkit-box-pack: center;
  -ms-flex-pack: center;
  -webkit-justify-content: center;
  justify-content: center;
  -webkit-box-flex-flow: row wrap;
  -webkit-flex-flow: row wrap;
  -ms-flex-flow: row wrap;
  flex-flow: row wrap;
  -webkit-align-items: center;
  -webkit-box-align: center;
  -ms-flex-align: center;
  align-items: center;
  text-align: center;
  cursor: pointer;
  position: relative;
}

@media (min-width:768px) {
  .emotion-22 {
    min-width: 224px;
  }
}

.emotion-22 .MuiTypography-h4 {
  white-space: nowrap;
}

@media (max-width:767.95px) {
  .emotion-22 .MuiTypography-h4 {
    font-size: 1rem;
  }
}

.emotion-22 .MuiTypography-body2 {
  white-space: nowrap;
}

@media (max-width:767.95px) {
  .emotion-22 .MuiTypography-body2 {
    font-size: 0.75rem;
  }
}

.emotion-22.emotion-22:hover,
.emotion-22.emotion-22.networkbox__active {
  background-color: rgba(255, 255, 255, 0.8);
}

.emotion-22 .networkbox__popover {
  position: absolute;
  z-index: 2000;
  border-radius: 12px;
  padding: 8px 0px;
  -webkit-box-flex-flow: column nowrap;
  -webkit-flex-flow: column nowrap;
  -ms-flex-flow: column nowrap;
  flex-flow: column nowrap;
  gap: 8px;
  top: 110%;
  width: calc(100% + 2px);
  margin-left: -2px;
  background-color: rgba(255, 255, 255, 0.8);
  color: #000;
  box-shadow: 0px 3px 1px -2px rgba(0,0,0,0.2),0px 2px 2px 0px rgba(0,0,0,0.14),0px 1px 5px 0px rgba(0,0,0,0.12);
  -webkit-backdrop-filter: blur(24px);
  backdrop-filter: blur(24px);
}

.emotion-22 .networkbox__popover .MuiListItemButton-root {
  padding: 8px 24px!important;
}

.emotion-22 .networkbox__popover .MuiListItemButton-root:hover {
  background-color: rgba(9, 57, 176, 0.2);
}

.emotion-22 .networkbox__popover .MuiListItemButton-root .MuiListItemIcon-root {
  color: #000;
}

.emotion-22 .networkbox__popover>.MuiBox-root:nth-of-type(1) {
  display: -webkit-box;
  display: -webkit-flex;
  display: -ms-flexbox;
  display: flex;
  -webkit-box-flex-flow: row nowrap;
  -webkit-flex-flow: row nowrap;
  -ms-flex-flow: row nowrap;
  flex-flow: row nowrap;
  gap: 8px;
  -webkit-box-pack: justify;
  -webkit-justify-content: space-between;
  justify-content: space-between;
  -webkit-align-items: center;
  -webkit-box-align: center;
  -ms-flex-align: center;
  align-items: center;
  font-weight: 700;
}

.emotion-22 .networkbox__popover>.MuiBox-root:nth-of-type(2) {
  display: -webkit-box;
  display: -webkit-flex;
  display: -ms-flexbox;
  display: flex;
  -webkit-box-flex-flow: column nowrap;
  -webkit-flex-flow: column nowrap;
  -ms-flex-flow: column nowrap;
  flex-flow: column nowrap;
  -webkit-box-pack: justify;
  -webkit-justify-content: space-between;
  justify-content: space-between;
  gap: 8px;
}

.emotion-22 .networkbox__popover>.MuiBox-root:nth-of-type(2)>.MuiBox-root {
  display: -webkit-box;
  display: -webkit-flex;
  display: -ms-flexbox;
  display: flex;
  -webkit-box-flex-flow: row nowrap;
  -webkit-flex-flow: row nowrap;
  -ms-flex-flow: row nowrap;
  flex-flow: row nowrap;
  -webkit-box-pack: justify;
  -webkit-justify-content: space-between;
  justify-content: space-between;
  gap: 8px;
  -webkit-align-items: center;
  -webkit-box-align: center;
  -ms-flex-align: center;
  align-items: center;
}

.emotion-22 .networkbox__popover>.MuiBox-root:nth-of-type(2)>.MuiBox-root>.MuiBox-root {
  -webkit-flex: 1 0 auto;
  -ms-flex: 1 0 auto;
  flex: 1 0 auto;
}

.emotion-22 .networkbox__popover>.MuiBox-root:nth-of-type(2)>.MuiBox-root>.MuiBox-root:nth-of-type(1) {
  font-weight: 700;
  text-align: left;
}

.emotion-22 .networkbox__popover>.MuiBox-root:nth-of-type(2)>.MuiBox-root>.MuiBox-root:nth-of-type(2) {
  text-align: right;
}

.emotion-22 .networkbox__popover .MuiTypography-h5 {
  color: #051D5B;
}

.emotion-22 .networkbox__popover .MuiTypography-h6 {
  color: #051D5B;
}

.emotion-22 .image {
  min-width: 48px;
  min-height: 48px;
  max-width: 48px;
  max-height: 48px;
  display: -webkit-box;
  display: -webkit-flex;
  display: -ms-flexbox;
  display: flex;
  -webkit-box-pack: center;
  -ms-flex-pack: center;
  -webkit-justify-content: center;
  justify-content: center;
  -webkit-align-items: center;
  -webkit-box-align: center;
  -ms-flex-align: center;
  align-items: center;
  border-radius: 100%;
  padding: 0;
  border: 0 none;
  margin: 0;
}

.emotion-22 .networkbox__dropdown-btn {
  display: -webkit-box;
  display: -webkit-flex;
  display: -ms-flexbox;
  display: flex;
  min-width: 100%;
  min-height: 100%;
  -webkit-box-pack: start;
  -ms-flex-pack: start;
  -webkit-justify-content: flex-start;
  justify-content: flex-start;
  -webkit-align-items: center;
  -webkit-box-align: center;
  -ms-flex-align: center;
  align-items: center;
  -webkit-flex-direction: row;
  -ms-flex-direction: row;
  flex-direction: row;
  -webkit-box-flex-wrap: nowrap;
  -webkit-flex-wrap: nowrap;
  -ms-flex-wrap: nowrap;
  flex-wrap: nowrap;
  padding: 0px 24px;
  text-align: left;
  cursor: pointer;
}

.emotion-22 .networkbox__dropdown-btn .MuiSvgIcon-root {
  color: #424242;
}

.emotion-22 .networkbox__dropdown-btn .MuiBox-root:nth-of-type(2) {
  -webkit-flex: 1 1 auto;
  -ms-flex: 1 1 auto;
  flex: 1 1 auto;
  overflow: hidden;
  -webkit-flex-direction: column;
  -ms-flex-direction: column;
  flex-direction: column;
  -webkit-align-items: stretch;
  -webkit-box-align: stretch;
  -ms-flex-align: stretch;
  align-items: stretch;
  margin-left: 16px;
}

.emotion-22 .networkbox__dropdown-btn .MuiTypography-h4 {
  color: rgba(0, 0, 0, 0.87);
}

.emotion-22 .networkbox__dropdown-btn .networkbox__subtitlecontainer {
  width: 100%;
  position: relative;
  height: 1rem;
}

.emotion-22 .networkbox__dropdown-btn .networkbox__subtitlecontainer .MuiTypography-body2 {
  position: absolute;
  left: 0;
  right: 0;
  color: #051D5B;
  line-height: 1;
  text-overflow: ellipsis;
  overflow: hidden;
}

.emotion-22 .networkbox__dropdown-btn .MuiBadge-root {
  position: absolute;
  color: #fff;
  margin-left: 48px;
  margin-top: 32px;
}

.emotion-25 {
  position: relative;
  display: -webkit-inline-box;
  display: -webkit-inline-flex;
  display: -ms-inline-flexbox;
  display: inline-flex;
  vertical-align: middle;
  -webkit-flex-shrink: 0;
  -ms-flex-negative: 0;
  flex-shrink: 0;
}

.emotion-26 {
  display: -webkit-box;
  display: -webkit-flex;
  display: -ms-flexbox;
  display: flex;
  -webkit-flex-direction: row;
  -ms-flex-direction: row;
  flex-direction: row;
  -webkit-box-flex-wrap: wrap;
  -webkit-flex-wrap: wrap;
  -ms-flex-wrap: wrap;
  flex-wrap: wrap;
  -webkit-box-pack: center;
  -ms-flex-pack: center;
  -webkit-justify-content: center;
  justify-content: center;
  -webkit-align-content: center;
  -ms-flex-line-pack: center;
  align-content: center;
  -webkit-align-items: center;
  -webkit-box-align: center;
  -ms-flex-align: center;
  align-items: center;
  position: absolute;
  box-sizing: border-box;
  font-family: 'SF Pro Text',-apple-system,BlinkMacSystemFont,sans-serif;
  font-weight: 500;
  font-size: 0.75rem;
  min-width: 20px;
  line-height: 1;
  padding: 0 6px;
  height: 20px;
  border-radius: 10px;
  z-index: 1;
  -webkit-transition: -webkit-transform 225ms cubic-bezier(0.4, 0, 0.2, 1) 0ms;
  transition: transform 225ms cubic-bezier(0.4, 0, 0.2, 1) 0ms;
  background-color: #1EC490;
  color: rgba(0, 0, 0, 0.87);
  top: 0;
  right: 0;
  -webkit-transform: scale(1) translate(50%, -50%);
  -moz-transform: scale(1) translate(50%, -50%);
  -ms-transform: scale(1) translate(50%, -50%);
  transform: scale(1) translate(50%, -50%);
  transform-origin: 100% 0%;
}

.emotion-26.MuiBadge-invisible {
  -webkit-transform: scale(0) translate(50%, -50%);
  -moz-transform: scale(0) translate(50%, -50%);
  -ms-transform: scale(0) translate(50%, -50%);
  transform: scale(0) translate(50%, -50%);
}

.emotion-28 {
  margin: 0;
  font-size: 1.25rem;
  font-weight: 600;
  font-family: 'SF Pro Text',-apple-system,BlinkMacSystemFont,sans-serif;
  line-height: 1.235;
}

.emotion-30 {
  margin: 0;
  font-size: 0.875rem;
  font-family: 'SF Pro Text',-apple-system,BlinkMacSystemFont,sans-serif;
  font-weight: 400;
  line-height: 1.43;
}

.emotion-31 {
  -webkit-user-select: none;
  -moz-user-select: none;
  -ms-user-select: none;
  user-select: none;
  width: 1em;
  height: 1em;
  display: inline-block;
  fill: currentColor;
  -webkit-flex-shrink: 0;
  -ms-flex-negative: 0;
  flex-shrink: 0;
  -webkit-transition: fill 200ms cubic-bezier(0.4, 0, 0.2, 1) 0ms;
  transition: fill 200ms cubic-bezier(0.4, 0, 0.2, 1) 0ms;
  font-size: 2.1875rem;
}

<div>
  <div
    data-testid="Layout"
  >
    <div
      class="emotion-0"
      data-testid="SectionBox"
    >
      <div
        class="sectionlimit__container MuiBox-root emotion-1"
      >
        <div
          class="allnetworks__search MuiBox-root emotion-2"
        >
          <h2
            class="MuiTypography-root MuiTypography-h2 emotion-3"
          >
            allNetworks
          </h2>
          <div
            class="allnetworks__header MuiBox-root emotion-2"
          >
            <p
              class="MuiTypography-root MuiTypography-body1 emotion-5"
            >
              all-networks:allNetworksDescription
            </p>
            <div
              class="allnetworks__tabs MuiBox-root emotion-2"
            >
              <a
                class="allnetworks__active allnetworks__tab"
                href="/all-networks"
              >
                All
              </a>
              <a
                class="allnetworks__tab"
                href="/all-networks#tab=Mainnet"
              >
                Mainnet
              </a>
              <a
                class="allnetworks__tab"
                href="/all-networks#tab=Testnet"
              >
                Testnet
              </a>
              <a
                class="allnetworks__tab"
                href="/all-networks#tab=Devnet"
              >
                Devnet
              </a>
              <a
                class="allnetworks__tab"
                href="/all-networks#tab=Retired"
              >
                Retired
              </a>
            </div>
          </div>
          <div
            class="searchbox__container MuiBox-root emotion-7"
          >
            <div
              class="MuiAutocomplete-root MuiAutocomplete-hasPopupIcon emotion-8"
              inputmode="search"
            >
              <div
                class="MuiFormControl-root MuiFormControl-fullWidth MuiTextField-root emotion-9"
              >
                <div
                  class="MuiInputBase-root MuiOutlinedInput-root MuiInputBase-colorPrimary MuiInputBase-fullWidth MuiInputBase-formControl MuiInputBase-adornedStart MuiInputBase-adornedEnd MuiAutocomplete-inputRoot emotion-10"
                >
                  <div
                    class="MuiInputAdornment-root MuiInputAdornment-positionStart MuiInputAdornment-outlined MuiInputAdornment-sizeMedium emotion-11"
                  >
                    <span
                      class="notranslate"
                    >
                      ​
                    </span>
                    <svg
                      aria-hidden="true"
                      class="MuiSvgIcon-root MuiSvgIcon-fontSizeSmall emotion-12"
                      data-testid="SearchIcon"
                      focusable="false"
                      viewBox="0 0 24 24"
                    >
                      <path
                        d="M15.5 14h-.79l-.28-.27C15.41 12.59 16 11.11 16 9.5 16 5.91 13.09 3 9.5 3S3 5.91 3 9.5 5.91 16 9.5 16c1.61 0 3.09-.59 4.23-1.57l.27.28v.79l5 4.99L20.49 19l-4.99-5zm-6 0C7.01 14 5 11.99 5 9.5S7.01 5 9.5 5 14 7.01 14 9.5 11.99 14 9.5 14z"
                      />
                    </svg>
                  </div>
                  <input
                    aria-autocomplete="list"
                    aria-expanded="false"
                    aria-invalid="false"
                    autocapitalize="none"
                    autocomplete="off"
                    class="MuiInputBase-input MuiOutlinedInput-input MuiInputBase-inputAdornedStart MuiInputBase-inputAdornedEnd MuiAutocomplete-input MuiAutocomplete-inputFocused emotion-13"
                    id=":r0:"
                    placeholder="searchNetwork"
                    role="combobox"
                    spellcheck="false"
                    type="text"
                    value=""
                  />
                  <div
                    class="MuiAutocomplete-endAdornment emotion-14"
                  >
                    <button
                      aria-label="Open"
                      class="MuiButtonBase-root MuiIconButton-root MuiIconButton-sizeMedium MuiAutocomplete-popupIndicator emotion-15"
                      tabindex="-1"
                      title="Open"
                      type="button"
                    >
                      <span
                        class="MuiTouchRipple-root emotion-16"
                      />
                    </button>
                  </div>
                  <fieldset
                    aria-hidden="true"
                    class="MuiOutlinedInput-notchedOutline emotion-17"
                  >
                    <legend
                      class="emotion-18"
                    >
                      <span
                        class="notranslate"
                      >
                        ​
                      </span>
                    </legend>
                  </fieldset>
                </div>
              </div>
            </div>
            <button
              class="MuiButtonBase-root MuiButton-root MuiButton-text MuiButton-textPrimary MuiButton-sizeMedium MuiButton-textSizeMedium searchbox__cancel-btn emotion-19"
              tabindex="0"
              type="button"
            >
              cancel
              <span
                class="MuiTouchRipple-root emotion-16"
              />
            </button>
          </div>
        </div>
        <div
          class="allnetworks__networks MuiBox-root emotion-2"
        >
          <div
            class=" emotion-22"
            style="opacity: 0; transform: scale(0.8) translateZ(0);"
          >
            <div
              class="networkbox__dropdown-btn MuiBox-root emotion-2"
            >
              <div
                class="image MuiBox-root emotion-2"
              >
                <span
                  class="MuiBadge-root BaseBadge-root emotion-25"
                >
                  <span
                    class="MuiBadge-badge MuiBadge-standard MuiBadge-anchorOriginTopRight MuiBadge-anchorOriginTopRightRectangular MuiBadge-overlapRectangular MuiBadge-colorSuccess BaseBadge-badge emotion-26"
                  >
                    5
                  </span>
                </span>
                <img
                  alt=""
                  height="48"
                  src="[object Object]"
                  width="48"
                />
              </div>
              <div
                class="MuiBox-root emotion-2"
              >
                <h4
                  class="MuiTypography-root MuiTypography-h4 emotion-28"
                >
                  Cosmos Hub
                </h4>
                <div
                  class="networkbox__subtitlecontainer MuiBox-root emotion-2"
                >
                  <p
                    class="MuiTypography-root MuiTypography-body2 emotion-30"
                  >
                    cosmoshub-4
                  </p>
                </div>
              </div>
              <svg
                aria-hidden="true"
                class="MuiSvgIcon-root MuiSvgIcon-fontSizeLarge emotion-31"
                data-testid="KeyboardArrowDownIcon"
                focusable="false"
                viewBox="0 0 24 24"
              >
                <path
                  d="M7.41 8.59 12 13.17l4.59-4.58L18 10l-6 6-6-6 1.41-1.41z"
                />
              </svg>
            </div>
          </div>
        </div>
      </div>
    </div>
  </div>
</div>
`;
