// Jest Snapshot v1, https://goo.gl/fbAQLP

exports[`MenuDesktop matches snapshot 1`] = `
<div>
  <div
    class="makeStyles-root"
  >
    <button
      class="MuiButtonBase-root MuiButton-root MuiButton-contained button button--active MuiButton-disableElevation"
      tabindex="0"
      type="button"
    >
      <span
        class="MuiButton-label"
      >
        gov
      </span>
      <span
        class="MuiTouchRipple-root"
      />
    </button>
    <button
      class="MuiButtonBase-root MuiButton-root MuiButton-contained button MuiButton-disableElevation"
      tabindex="0"
      type="button"
    >
      <span
        class="MuiButton-label"
      >
        validator
      </span>
      <span
        class="MuiTouchRipple-root"
      />
    </button>
  </div>
</div>
`;
