// Jest Snapshot v1, https://goo.gl/fbAQLP

exports[`SectionBox matches snapshot 1`] = `
.emotion-0 {
  overflow: auto;
  padding: 48px 24px;
}

@media (min-width:1280px) {
  .emotion-0.main {
    padding: 64px;
  }
}

<div>
  <section
    class=" emotion-0"
  >
    <div>
      HELLO WORLD
    </div>
  </section>
</div>
`;
