// Jest Snapshot v1, https://goo.gl/fbAQLP

exports[`Nav matches snapshot 1`] = `
.emotion-0 {
  -webkit-box-pack: center;
  -ms-flex-pack: center;
  -webkit-justify-content: center;
  justify-content: center;
  min-width: 272px;
  overflow: visible;
  padding: 0;
  overflow: visible;
  position: -webkit-sticky;
  position: sticky;
  top: 0;
  width: 100%;
  z-index: 4;
}

.emotion-0.sectionbox__main {
  padding: 24px 0px;
}

@media (min-width:768px) {
  .emotion-0.sectionbox__main {
    padding: 64px 0px;
  }
}

.emotion-1 {
  margin-left: auto;
  margin-right: auto;
  max-width: 1024px;
}

<div>
  <section
    class="nav__container sectionbox__container emotion-0"
  >
    <div
      class="sectionlimit__container MuiBox-root emotion-1"
    >
      <div
        class="MuiBox-root emotion-2"
        data-testid="MenuDesktop"
      />
      <div
        class="MuiBox-root emotion-2"
        data-testid="MenuMobile"
      />
    </div>
  </section>
</div>
`;
