// Jest Snapshot v1, https://goo.gl/fbAQLP

exports[`About matches snapshot 1`] = `
.emotion-0 .title {
  margin-bottom: 32px;
  text-align: center;
}

@media (min-width:1280px) {
  .emotion-0 .title {
    text-align: left;
    margin-bottom: 40px;
  }
}

.emotion-1 {
  margin: 0;
  font-size: 2rem;
  font-weight: 600;
  font-family: SFPro,Arial,sans-serif;
  line-height: 1.2;
}

.emotion-2 {
  margin: 0;
  font-size: 1rem;
  white-space: pre-wrap;
  font-family: SFPro,Arial,sans-serif;
  font-weight: 400;
  line-height: 1.5;
}

<div>
  <div
    data-testid="Layout"
  >
    <div
      data-testid="SectionBox"
    >
      <div
        class="emotion-0"
        data-testid="SectionLimit"
      >
        <h2
          class="MuiTypography-root MuiTypography-h2 title emotion-1"
        >
          about
        </h2>
        <div
          data-testid="ContentBox"
        >
          <p
            class="MuiTypography-root MuiTypography-body1 emotion-2"
          >
            description
          </p>
        </div>
      </div>
    </div>
  </div>
</div>
`;
